Archive member included to satisfy reference by file (symbol)

./lib_dir/librobotbaby.a(can.o)
                              workplz.o (_ZN3canC1Ev)
./lib_dir/librobotbaby.a(Moteur.o)
                              workplz.o (_ZN6MoteurC1Ev)
./lib_dir/librobotbaby.a(DEL.o)
                              workplz.o (_ZN3DELC1E5PORTx)
./lib_dir/librobotbaby.a(PWM_MOTEUR.o)
                              ./lib_dir/librobotbaby.a(Moteur.o) (_ZN10PWM_MOTEUR14initialisationEv)
./lib_dir/librobotbaby.a(UART.o)
                              workplz.o (_ZN4UARTC1Ev)
/usr/lib/gcc/avr/6.3.0/avr5/libgcc.a(_exit.o)
                              /usr/lib/gcc/avr/6.3.0/../../../../avr/lib/avr5/crtatmega324pa.o (exit)
/usr/lib/gcc/avr/6.3.0/avr5/libgcc.a(_copy_data.o)
                              workplz.o (__do_copy_data)
/usr/lib/gcc/avr/6.3.0/avr5/libgcc.a(_clear_bss.o)
                              ./lib_dir/librobotbaby.a(Moteur.o) (__do_clear_bss)
/usr/lib/gcc/avr/6.3.0/avr5/libgcc.a(_ctors.o)
                              ./lib_dir/librobotbaby.a(Moteur.o) (__do_global_ctors)
/usr/lib/gcc/avr/6.3.0/avr5/libgcc.a(_tablejump2.o)
                              /usr/lib/gcc/avr/6.3.0/avr5/libgcc.a(_ctors.o) (__tablejump2__)
/usr/lib/gcc/avr/6.3.0/../../../../avr/lib/avr5/libc.a(sprintf.o)
                              ./lib_dir/librobotbaby.a(UART.o) (sprintf)
/usr/lib/gcc/avr/6.3.0/../../../../avr/lib/avr5/libc.a(vfprintf_std.o)
                              /usr/lib/gcc/avr/6.3.0/../../../../avr/lib/avr5/libc.a(sprintf.o) (vfprintf)
/usr/lib/gcc/avr/6.3.0/../../../../avr/lib/avr5/libc.a(strnlen_P.o)
                              /usr/lib/gcc/avr/6.3.0/../../../../avr/lib/avr5/libc.a(vfprintf_std.o) (strnlen_P)
/usr/lib/gcc/avr/6.3.0/../../../../avr/lib/avr5/libc.a(strnlen.o)
                              /usr/lib/gcc/avr/6.3.0/../../../../avr/lib/avr5/libc.a(vfprintf_std.o) (strnlen)
/usr/lib/gcc/avr/6.3.0/../../../../avr/lib/avr5/libc.a(fputc.o)
                              /usr/lib/gcc/avr/6.3.0/../../../../avr/lib/avr5/libc.a(vfprintf_std.o) (fputc)
/usr/lib/gcc/avr/6.3.0/../../../../avr/lib/avr5/libc.a(ultoa_invert.o)
                              /usr/lib/gcc/avr/6.3.0/../../../../avr/lib/avr5/libc.a(vfprintf_std.o) (__ultoa_invert)
/usr/lib/gcc/avr/6.3.0/avr5/libgcc.a(_prologue.o)
                              /usr/lib/gcc/avr/6.3.0/../../../../avr/lib/avr5/libc.a(sprintf.o) (__prologue_saves__)
/usr/lib/gcc/avr/6.3.0/avr5/libgcc.a(_epilogue.o)
                              /usr/lib/gcc/avr/6.3.0/../../../../avr/lib/avr5/libc.a(sprintf.o) (__epilogue_restores__)

Memory Configuration

Name             Origin             Length             Attributes
text             0x0000000000000000 0x0000000000020000 xr
data             0x0000000000800060 0x000000000000ffa0 rw !x
eeprom           0x0000000000810000 0x0000000000010000 rw !x
fuse             0x0000000000820000 0x0000000000000003 rw !x
lock             0x0000000000830000 0x0000000000000400 rw !x
signature        0x0000000000840000 0x0000000000000400 rw !x
user_signatures  0x0000000000850000 0x0000000000000400 rw !x
*default*        0x0000000000000000 0xffffffffffffffff

Linker script and memory map

Address of section .data set to 0x800100
LOAD /usr/lib/gcc/avr/6.3.0/../../../../avr/lib/avr5/crtatmega324pa.o
LOAD workplz.o
LOAD /usr/lib/gcc/avr/6.3.0/../../../../avr/lib/avr5/libm.a
LOAD ./lib_dir/librobotbaby.a
START GROUP
LOAD /usr/lib/gcc/avr/6.3.0/avr5/libgcc.a
LOAD /usr/lib/gcc/avr/6.3.0/../../../../avr/lib/avr5/libm.a
LOAD /usr/lib/gcc/avr/6.3.0/../../../../avr/lib/avr5/libc.a
LOAD /usr/lib/gcc/avr/6.3.0/../../../../avr/lib/avr5/libatmega324pa.a
END GROUP
                0x0000000000020000                __TEXT_REGION_LENGTH__ = DEFINED (__TEXT_REGION_LENGTH__)?__TEXT_REGION_LENGTH__:0x20000
                0x000000000000ffa0                __DATA_REGION_LENGTH__ = DEFINED (__DATA_REGION_LENGTH__)?__DATA_REGION_LENGTH__:0xffa0
                0x0000000000010000                __EEPROM_REGION_LENGTH__ = DEFINED (__EEPROM_REGION_LENGTH__)?__EEPROM_REGION_LENGTH__:0x10000
                [0x0000000000000003]                __FUSE_REGION_LENGTH__ = DEFINED (__FUSE_REGION_LENGTH__)?__FUSE_REGION_LENGTH__:0x400
                0x0000000000000400                __LOCK_REGION_LENGTH__ = DEFINED (__LOCK_REGION_LENGTH__)?__LOCK_REGION_LENGTH__:0x400
                0x0000000000000400                __SIGNATURE_REGION_LENGTH__ = DEFINED (__SIGNATURE_REGION_LENGTH__)?__SIGNATURE_REGION_LENGTH__:0x400
                0x0000000000000400                __USER_SIGNATURE_REGION_LENGTH__ = DEFINED (__USER_SIGNATURE_REGION_LENGTH__)?__USER_SIGNATURE_REGION_LENGTH__:0x400

.hash
 *(.hash)

.dynsym
 *(.dynsym)

.dynstr
 *(.dynstr)

.gnu.version
 *(.gnu.version)

.gnu.version_d
 *(.gnu.version_d)

.gnu.version_r
 *(.gnu.version_r)

.rel.init
 *(.rel.init)

.rela.init
 *(.rela.init)

.rel.text
 *(.rel.text)
 *(.rel.text.*)
 *(.rel.gnu.linkonce.t*)

.rela.text
 *(.rela.text)
 *(.rela.text.*)
 *(.rela.gnu.linkonce.t*)

.rel.fini
 *(.rel.fini)

.rela.fini
 *(.rela.fini)

.rel.rodata
 *(.rel.rodata)
 *(.rel.rodata.*)
 *(.rel.gnu.linkonce.r*)

.rela.rodata
 *(.rela.rodata)
 *(.rela.rodata.*)
 *(.rela.gnu.linkonce.r*)

.rel.data
 *(.rel.data)
 *(.rel.data.*)
 *(.rel.gnu.linkonce.d*)

.rela.data
 *(.rela.data)
 *(.rela.data.*)
 *(.rela.gnu.linkonce.d*)

.rel.ctors
 *(.rel.ctors)

.rela.ctors
 *(.rela.ctors)

.rel.dtors
 *(.rel.dtors)

.rela.dtors
 *(.rela.dtors)

.rel.got
 *(.rel.got)

.rela.got
 *(.rela.got)

.rel.bss
 *(.rel.bss)

.rela.bss
 *(.rela.bss)

.rel.plt
 *(.rel.plt)

.rela.plt
 *(.rela.plt)

.text           0x0000000000000000      0xb12
 *(.vectors)
 .vectors       0x0000000000000000       0x7c /usr/lib/gcc/avr/6.3.0/../../../../avr/lib/avr5/crtatmega324pa.o
                0x0000000000000000                __vectors
                0x0000000000000000                __vector_default
 *(.vectors)
 *(.progmem.gcc*)
                0x000000000000007c                . = ALIGN (0x2)
                0x000000000000007c                __trampolines_start = .
 *(.trampolines)
 .trampolines   0x000000000000007c        0x0 linker stubs
 *(.trampolines*)
                0x000000000000007c                __trampolines_end = .
 *libprintf_flt.a:*(.progmem.data)
 *libc.a:*(.progmem.data)
 *(.progmem*)
                0x000000000000007c                . = ALIGN (0x2)
 *(.jumptables)
 *(.jumptables*)
 *(.lowtext)
 *(.lowtext*)
                0x000000000000007c                __ctors_start = .
 *(.ctors)
 .ctors         0x000000000000007c        0x2 ./lib_dir/librobotbaby.a(Moteur.o)
                0x000000000000007e                __ctors_end = .
                0x000000000000007e                __dtors_start = .
 *(.dtors)
                0x000000000000007e                __dtors_end = .
 SORT(*)(.ctors)
 SORT(*)(.dtors)
 *(.init0)
 .init0         0x000000000000007e        0x0 /usr/lib/gcc/avr/6.3.0/../../../../avr/lib/avr5/crtatmega324pa.o
                0x000000000000007e                __init
 *(.init0)
 *(.init1)
 *(.init1)
 *(.init2)
 .init2         0x000000000000007e        0xc /usr/lib/gcc/avr/6.3.0/../../../../avr/lib/avr5/crtatmega324pa.o
 *(.init2)
 *(.init3)
 *(.init3)
 *(.init4)
 .init4         0x000000000000008a       0x16 /usr/lib/gcc/avr/6.3.0/avr5/libgcc.a(_copy_data.o)
                0x000000000000008a                __do_copy_data
 .init4         0x00000000000000a0       0x10 /usr/lib/gcc/avr/6.3.0/avr5/libgcc.a(_clear_bss.o)
                0x00000000000000a0                __do_clear_bss
 *(.init4)
 *(.init5)
 *(.init5)
 *(.init6)
 .init6         0x00000000000000b0       0x16 /usr/lib/gcc/avr/6.3.0/avr5/libgcc.a(_ctors.o)
                0x00000000000000b0                __do_global_ctors
 *(.init6)
 *(.init7)
 *(.init7)
 *(.init8)
 *(.init8)
 *(.init9)
 .init9         0x00000000000000c6        0x8 /usr/lib/gcc/avr/6.3.0/../../../../avr/lib/avr5/crtatmega324pa.o
 *(.init9)
 *(.text)
 .text          0x00000000000000ce        0x4 /usr/lib/gcc/avr/6.3.0/../../../../avr/lib/avr5/crtatmega324pa.o
                0x00000000000000ce                __vector_22
                0x00000000000000ce                __vector_28
                0x00000000000000ce                __vector_1
                0x00000000000000ce                __vector_24
                0x00000000000000ce                __vector_12
                0x00000000000000ce                __bad_interrupt
                0x00000000000000ce                __vector_6
                0x00000000000000ce                __vector_3
                0x00000000000000ce                __vector_23
                0x00000000000000ce                __vector_30
                0x00000000000000ce                __vector_25
                0x00000000000000ce                __vector_11
                0x00000000000000ce                __vector_13
                0x00000000000000ce                __vector_17
                0x00000000000000ce                __vector_19
                0x00000000000000ce                __vector_7
                0x00000000000000ce                __vector_27
                0x00000000000000ce                __vector_5
                0x00000000000000ce                __vector_4
                0x00000000000000ce                __vector_9
                0x00000000000000ce                __vector_2
                0x00000000000000ce                __vector_21
                0x00000000000000ce                __vector_15
                0x00000000000000ce                __vector_29
                0x00000000000000ce                __vector_8
                0x00000000000000ce                __vector_26
                0x00000000000000ce                __vector_14
                0x00000000000000ce                __vector_10
                0x00000000000000ce                __vector_16
                0x00000000000000ce                __vector_18
                0x00000000000000ce                __vector_20
 .text          0x00000000000000d2       0xa0 workplz.o
                0x00000000000000d2                _Z14suivreMurDroitj
 .text          0x0000000000000172       0x58 ./lib_dir/librobotbaby.a(can.o)
                0x0000000000000172                _ZN3canC2Ev
                0x0000000000000172                _ZN3canC1Ev
                0x000000000000017e                _ZN3canD1Ev
                0x000000000000017e                _ZN3canD2Ev
                0x0000000000000184                _ZN3can7lectureEh
 .text          0x00000000000001ca      0x106 ./lib_dir/librobotbaby.a(Moteur.o)
                0x00000000000001ca                _ZN6Moteur14initialisationEv
                0x00000000000001e0                _ZN6MoteurC1Ev
                0x00000000000001e0                _ZN6MoteurC2Ev
                0x00000000000001e4                _ZN6Moteur7avancerEh
                0x0000000000000200                _ZN6Moteur7arreterEv
                0x0000000000000212                _ZN6Moteur7reculerEh
                0x000000000000022e                _ZN6Moteur9turnRightEv
                0x000000000000025a                _ZN6Moteur8turnLeftEv
                0x0000000000000286                _ZN6Moteur15slightTurnRightEv
                0x00000000000002ae                _ZN6Moteur14slightTurnLeftEv
 .text          0x00000000000002d0       0x9e ./lib_dir/librobotbaby.a(DEL.o)
                0x00000000000002d0                _ZN3DELC1E5PORTx
                0x00000000000002d0                _ZN3DELC2E5PORTx
                0x00000000000002d6                _ZN3DEL7DEL_REDEv
                0x00000000000002fc                _ZN3DEL9DEL_GREENEv
                0x0000000000000322                _ZN3DEL7DEL_OFFEv
                0x0000000000000340                _ZN3DEL9DEL_AMBREEv
 .text          0x000000000000036e       0x7e ./lib_dir/librobotbaby.a(PWM_MOTEUR.o)
                0x000000000000036e                _ZN10PWM_MOTEUR14initialisationEv
                0x0000000000000396                _ZN10PWM_MOTEURC2Eb
                0x0000000000000396                _ZN10PWM_MOTEURC1Eb
                0x000000000000039e                _ZN10PWM_MOTEUR15startPWM_MoteurEh
                0x00000000000003d0                _ZN10PWM_MOTEUR14stopPWM_MoteurEv
 .text          0x00000000000003ec       0xc2 ./lib_dir/librobotbaby.a(UART.o)
                0x00000000000003ec                _ZN4UART19initialisation_UARTEv
                0x0000000000000408                _ZN4UARTC2Ev
                0x0000000000000408                _ZN4UARTC1Ev
                0x000000000000040c                _ZN4UART13transmit_UARTEj
                0x000000000000041a                _ZN4UART13USART_ReceiveEv
                0x0000000000000428                _ZN4UART20transmit_UART_numberEj
 .text          0x00000000000004ae        0x0 /usr/lib/gcc/avr/6.3.0/avr5/libgcc.a(_exit.o)
 .text          0x00000000000004ae        0x0 /usr/lib/gcc/avr/6.3.0/avr5/libgcc.a(_copy_data.o)
 .text          0x00000000000004ae        0x0 /usr/lib/gcc/avr/6.3.0/avr5/libgcc.a(_clear_bss.o)
 .text          0x00000000000004ae        0x0 /usr/lib/gcc/avr/6.3.0/avr5/libgcc.a(_ctors.o)
 .text          0x00000000000004ae        0x0 /usr/lib/gcc/avr/6.3.0/avr5/libgcc.a(_tablejump2.o)
 .text          0x00000000000004ae        0x0 /usr/lib/gcc/avr/6.3.0/../../../../avr/lib/avr5/libc.a(sprintf.o)
 .text          0x00000000000004ae        0x0 /usr/lib/gcc/avr/6.3.0/../../../../avr/lib/avr5/libc.a(vfprintf_std.o)
 .text          0x00000000000004ae        0x0 /usr/lib/gcc/avr/6.3.0/../../../../avr/lib/avr5/libc.a(strnlen_P.o)
 .text          0x00000000000004ae        0x0 /usr/lib/gcc/avr/6.3.0/../../../../avr/lib/avr5/libc.a(strnlen.o)
 .text          0x00000000000004ae        0x0 /usr/lib/gcc/avr/6.3.0/../../../../avr/lib/avr5/libc.a(fputc.o)
 .text          0x00000000000004ae        0x0 /usr/lib/gcc/avr/6.3.0/../../../../avr/lib/avr5/libc.a(ultoa_invert.o)
 .text          0x00000000000004ae        0x0 /usr/lib/gcc/avr/6.3.0/avr5/libgcc.a(_prologue.o)
 .text          0x00000000000004ae        0x0 /usr/lib/gcc/avr/6.3.0/avr5/libgcc.a(_epilogue.o)
                0x00000000000004ae                . = ALIGN (0x2)
 *(.text.*)
 .text.startup  0x00000000000004ae       0x6c workplz.o
                0x00000000000004ae                main
 .text.startup  0x000000000000051a       0x14 ./lib_dir/librobotbaby.a(Moteur.o)
 .text.libgcc.mul
                0x000000000000052e        0x0 /usr/lib/gcc/avr/6.3.0/avr5/libgcc.a(_exit.o)
 .text.libgcc.div
                0x000000000000052e        0x0 /usr/lib/gcc/avr/6.3.0/avr5/libgcc.a(_exit.o)
 .text.libgcc   0x000000000000052e        0x0 /usr/lib/gcc/avr/6.3.0/avr5/libgcc.a(_exit.o)
 .text.libgcc.prologue
                0x000000000000052e        0x0 /usr/lib/gcc/avr/6.3.0/avr5/libgcc.a(_exit.o)
 .text.libgcc.builtins
                0x000000000000052e        0x0 /usr/lib/gcc/avr/6.3.0/avr5/libgcc.a(_exit.o)
 .text.libgcc.fmul
                0x000000000000052e        0x0 /usr/lib/gcc/avr/6.3.0/avr5/libgcc.a(_exit.o)
 .text.libgcc.fixed
                0x000000000000052e        0x0 /usr/lib/gcc/avr/6.3.0/avr5/libgcc.a(_exit.o)
 .text.libgcc.mul
                0x000000000000052e        0x0 /usr/lib/gcc/avr/6.3.0/avr5/libgcc.a(_copy_data.o)
 .text.libgcc.div
                0x000000000000052e        0x0 /usr/lib/gcc/avr/6.3.0/avr5/libgcc.a(_copy_data.o)
 .text.libgcc   0x000000000000052e        0x0 /usr/lib/gcc/avr/6.3.0/avr5/libgcc.a(_copy_data.o)
 .text.libgcc.prologue
                0x000000000000052e        0x0 /usr/lib/gcc/avr/6.3.0/avr5/libgcc.a(_copy_data.o)
 .text.libgcc.builtins
                0x000000000000052e        0x0 /usr/lib/gcc/avr/6.3.0/avr5/libgcc.a(_copy_data.o)
 .text.libgcc.fmul
                0x000000000000052e        0x0 /usr/lib/gcc/avr/6.3.0/avr5/libgcc.a(_copy_data.o)
 .text.libgcc.fixed
                0x000000000000052e        0x0 /usr/lib/gcc/avr/6.3.0/avr5/libgcc.a(_copy_data.o)
 .text.libgcc.mul
                0x000000000000052e        0x0 /usr/lib/gcc/avr/6.3.0/avr5/libgcc.a(_clear_bss.o)
 .text.libgcc.div
                0x000000000000052e        0x0 /usr/lib/gcc/avr/6.3.0/avr5/libgcc.a(_clear_bss.o)
 .text.libgcc   0x000000000000052e        0x0 /usr/lib/gcc/avr/6.3.0/avr5/libgcc.a(_clear_bss.o)
 .text.libgcc.prologue
                0x000000000000052e        0x0 /usr/lib/gcc/avr/6.3.0/avr5/libgcc.a(_clear_bss.o)
 .text.libgcc.builtins
                0x000000000000052e        0x0 /usr/lib/gcc/avr/6.3.0/avr5/libgcc.a(_clear_bss.o)
 .text.libgcc.fmul
                0x000000000000052e        0x0 /usr/lib/gcc/avr/6.3.0/avr5/libgcc.a(_clear_bss.o)
 .text.libgcc.fixed
                0x000000000000052e        0x0 /usr/lib/gcc/avr/6.3.0/avr5/libgcc.a(_clear_bss.o)
 .text.libgcc.mul
                0x000000000000052e        0x0 /usr/lib/gcc/avr/6.3.0/avr5/libgcc.a(_ctors.o)
 .text.libgcc.div
                0x000000000000052e        0x0 /usr/lib/gcc/avr/6.3.0/avr5/libgcc.a(_ctors.o)
 .text.libgcc   0x000000000000052e        0x0 /usr/lib/gcc/avr/6.3.0/avr5/libgcc.a(_ctors.o)
 .text.libgcc.prologue
                0x000000000000052e        0x0 /usr/lib/gcc/avr/6.3.0/avr5/libgcc.a(_ctors.o)
 .text.libgcc.builtins
                0x000000000000052e        0x0 /usr/lib/gcc/avr/6.3.0/avr5/libgcc.a(_ctors.o)
 .text.libgcc.fmul
                0x000000000000052e        0x0 /usr/lib/gcc/avr/6.3.0/avr5/libgcc.a(_ctors.o)
 .text.libgcc.fixed
                0x000000000000052e        0x0 /usr/lib/gcc/avr/6.3.0/avr5/libgcc.a(_ctors.o)
 .text.libgcc.mul
                0x000000000000052e        0x0 /usr/lib/gcc/avr/6.3.0/avr5/libgcc.a(_tablejump2.o)
 .text.libgcc.div
                0x000000000000052e        0x0 /usr/lib/gcc/avr/6.3.0/avr5/libgcc.a(_tablejump2.o)
 .text.libgcc   0x000000000000052e        0xc /usr/lib/gcc/avr/6.3.0/avr5/libgcc.a(_tablejump2.o)
                0x000000000000052e                __tablejump2__
 .text.libgcc.prologue
                0x000000000000053a        0x0 /usr/lib/gcc/avr/6.3.0/avr5/libgcc.a(_tablejump2.o)
 .text.libgcc.builtins
                0x000000000000053a        0x0 /usr/lib/gcc/avr/6.3.0/avr5/libgcc.a(_tablejump2.o)
 .text.libgcc.fmul
                0x000000000000053a        0x0 /usr/lib/gcc/avr/6.3.0/avr5/libgcc.a(_tablejump2.o)
 .text.libgcc.fixed
                0x000000000000053a        0x0 /usr/lib/gcc/avr/6.3.0/avr5/libgcc.a(_tablejump2.o)
 .text.avr-libc
                0x000000000000053a       0x46 /usr/lib/gcc/avr/6.3.0/../../../../avr/lib/avr5/libc.a(sprintf.o)
                0x000000000000053a                sprintf
 .text.avr-libc
                0x0000000000000580      0x3d8 /usr/lib/gcc/avr/6.3.0/../../../../avr/lib/avr5/libc.a(vfprintf_std.o)
                0x0000000000000580                vfprintf
 .text.avr-libc
                0x0000000000000958       0x16 /usr/lib/gcc/avr/6.3.0/../../../../avr/lib/avr5/libc.a(strnlen_P.o)
                0x0000000000000958                strnlen_P
 .text.avr-libc
                0x000000000000096e       0x16 /usr/lib/gcc/avr/6.3.0/../../../../avr/lib/avr5/libc.a(strnlen.o)
                0x000000000000096e                strnlen
 .text.avr-libc
                0x0000000000000984       0x60 /usr/lib/gcc/avr/6.3.0/../../../../avr/lib/avr5/libc.a(fputc.o)
                0x0000000000000984                fputc
 .text.avr-libc
                0x00000000000009e4       0xbc /usr/lib/gcc/avr/6.3.0/../../../../avr/lib/avr5/libc.a(ultoa_invert.o)
                0x00000000000009e4                __ultoa_invert
 .text.libgcc.mul
                0x0000000000000aa0        0x0 /usr/lib/gcc/avr/6.3.0/avr5/libgcc.a(_prologue.o)
 .text.libgcc.div
                0x0000000000000aa0        0x0 /usr/lib/gcc/avr/6.3.0/avr5/libgcc.a(_prologue.o)
 .text.libgcc   0x0000000000000aa0        0x0 /usr/lib/gcc/avr/6.3.0/avr5/libgcc.a(_prologue.o)
 .text.libgcc.prologue
                0x0000000000000aa0       0x38 /usr/lib/gcc/avr/6.3.0/avr5/libgcc.a(_prologue.o)
                0x0000000000000aa0                __prologue_saves__
 .text.libgcc.builtins
                0x0000000000000ad8        0x0 /usr/lib/gcc/avr/6.3.0/avr5/libgcc.a(_prologue.o)
 .text.libgcc.fmul
                0x0000000000000ad8        0x0 /usr/lib/gcc/avr/6.3.0/avr5/libgcc.a(_prologue.o)
 .text.libgcc.fixed
                0x0000000000000ad8        0x0 /usr/lib/gcc/avr/6.3.0/avr5/libgcc.a(_prologue.o)
 .text.libgcc.mul
                0x0000000000000ad8        0x0 /usr/lib/gcc/avr/6.3.0/avr5/libgcc.a(_epilogue.o)
 .text.libgcc.div
                0x0000000000000ad8        0x0 /usr/lib/gcc/avr/6.3.0/avr5/libgcc.a(_epilogue.o)
 .text.libgcc   0x0000000000000ad8        0x0 /usr/lib/gcc/avr/6.3.0/avr5/libgcc.a(_epilogue.o)
 .text.libgcc.prologue
                0x0000000000000ad8       0x36 /usr/lib/gcc/avr/6.3.0/avr5/libgcc.a(_epilogue.o)
                0x0000000000000ad8                __epilogue_restores__
 .text.libgcc.builtins
                0x0000000000000b0e        0x0 /usr/lib/gcc/avr/6.3.0/avr5/libgcc.a(_epilogue.o)
 .text.libgcc.fmul
                0x0000000000000b0e        0x0 /usr/lib/gcc/avr/6.3.0/avr5/libgcc.a(_epilogue.o)
 .text.libgcc.fixed
                0x0000000000000b0e        0x0 /usr/lib/gcc/avr/6.3.0/avr5/libgcc.a(_epilogue.o)
                0x0000000000000b0e                . = ALIGN (0x2)
 *(.fini9)
 .fini9         0x0000000000000b0e        0x0 /usr/lib/gcc/avr/6.3.0/avr5/libgcc.a(_exit.o)
                0x0000000000000b0e                exit
                0x0000000000000b0e                _exit
 *(.fini9)
 *(.fini8)
 *(.fini8)
 *(.fini7)
 *(.fini7)
 *(.fini6)
 *(.fini6)
 *(.fini5)
 *(.fini5)
 *(.fini4)
 *(.fini4)
 *(.fini3)
 *(.fini3)
 *(.fini2)
 *(.fini2)
 *(.fini1)
 *(.fini1)
 *(.fini0)
 .fini0         0x0000000000000b0e        0x4 /usr/lib/gcc/avr/6.3.0/avr5/libgcc.a(_exit.o)
 *(.fini0)
                0x0000000000000b12                _etext = .

.data           0x0000000000800100       0x14 load address 0x0000000000000b12
                0x0000000000800100                PROVIDE (__data_start, .)
 *(.data)
 .data          0x0000000000800100        0x0 /usr/lib/gcc/avr/6.3.0/../../../../avr/lib/avr5/crtatmega324pa.o
 .data          0x0000000000800100        0x1 workplz.o
                0x0000000000800100                suivreMur
 .data          0x0000000000800101        0x0 ./lib_dir/librobotbaby.a(can.o)
 .data          0x0000000000800101        0x0 ./lib_dir/librobotbaby.a(Moteur.o)
 .data          0x0000000000800101        0x0 ./lib_dir/librobotbaby.a(DEL.o)
 .data          0x0000000000800101        0x0 ./lib_dir/librobotbaby.a(PWM_MOTEUR.o)
 .data          0x0000000000800101        0x0 ./lib_dir/librobotbaby.a(UART.o)
 .data          0x0000000000800101        0x0 /usr/lib/gcc/avr/6.3.0/avr5/libgcc.a(_exit.o)
 .data          0x0000000000800101        0x0 /usr/lib/gcc/avr/6.3.0/avr5/libgcc.a(_copy_data.o)
 .data          0x0000000000800101        0x0 /usr/lib/gcc/avr/6.3.0/avr5/libgcc.a(_clear_bss.o)
 .data          0x0000000000800101        0x0 /usr/lib/gcc/avr/6.3.0/avr5/libgcc.a(_ctors.o)
 .data          0x0000000000800101        0x0 /usr/lib/gcc/avr/6.3.0/avr5/libgcc.a(_tablejump2.o)
 .data          0x0000000000800101        0x0 /usr/lib/gcc/avr/6.3.0/../../../../avr/lib/avr5/libc.a(sprintf.o)
 .data          0x0000000000800101        0x0 /usr/lib/gcc/avr/6.3.0/../../../../avr/lib/avr5/libc.a(vfprintf_std.o)
 .data          0x0000000000800101        0x0 /usr/lib/gcc/avr/6.3.0/../../../../avr/lib/avr5/libc.a(strnlen_P.o)
 .data          0x0000000000800101        0x0 /usr/lib/gcc/avr/6.3.0/../../../../avr/lib/avr5/libc.a(strnlen.o)
 .data          0x0000000000800101        0x0 /usr/lib/gcc/avr/6.3.0/../../../../avr/lib/avr5/libc.a(fputc.o)
 .data          0x0000000000800101        0x0 /usr/lib/gcc/avr/6.3.0/../../../../avr/lib/avr5/libc.a(ultoa_invert.o)
 .data          0x0000000000800101        0x0 /usr/lib/gcc/avr/6.3.0/avr5/libgcc.a(_prologue.o)
 .data          0x0000000000800101        0x0 /usr/lib/gcc/avr/6.3.0/avr5/libgcc.a(_epilogue.o)
 *(.data*)
 *(.rodata)
 *(.rodata*)
 .rodata.str1.1
                0x0000000000800101       0x13 ./lib_dir/librobotbaby.a(UART.o)
 *(.gnu.linkonce.d*)
                0x0000000000800114                . = ALIGN (0x2)
                0x0000000000800114                _edata = .
                0x0000000000800114                PROVIDE (__data_end, .)

.bss            0x0000000000800114        0x4
                0x0000000000800114                PROVIDE (__bss_start, .)
 *(.bss)
 .bss           0x0000000000800114        0x0 /usr/lib/gcc/avr/6.3.0/../../../../avr/lib/avr5/crtatmega324pa.o
 .bss           0x0000000000800114        0x0 workplz.o
 .bss           0x0000000000800114        0x0 ./lib_dir/librobotbaby.a(can.o)
 .bss           0x0000000000800114        0x4 ./lib_dir/librobotbaby.a(Moteur.o)
                0x0000000000800114                moteur_G
                0x0000000000800116                moteur_D
 .bss           0x0000000000800118        0x0 ./lib_dir/librobotbaby.a(DEL.o)
 .bss           0x0000000000800118        0x0 ./lib_dir/librobotbaby.a(PWM_MOTEUR.o)
 .bss           0x0000000000800118        0x0 ./lib_dir/librobotbaby.a(UART.o)
 .bss           0x0000000000800118        0x0 /usr/lib/gcc/avr/6.3.0/avr5/libgcc.a(_exit.o)
 .bss           0x0000000000800118        0x0 /usr/lib/gcc/avr/6.3.0/avr5/libgcc.a(_copy_data.o)
 .bss           0x0000000000800118        0x0 /usr/lib/gcc/avr/6.3.0/avr5/libgcc.a(_clear_bss.o)
 .bss           0x0000000000800118        0x0 /usr/lib/gcc/avr/6.3.0/avr5/libgcc.a(_ctors.o)
 .bss           0x0000000000800118        0x0 /usr/lib/gcc/avr/6.3.0/avr5/libgcc.a(_tablejump2.o)
 .bss           0x0000000000800118        0x0 /usr/lib/gcc/avr/6.3.0/../../../../avr/lib/avr5/libc.a(sprintf.o)
 .bss           0x0000000000800118        0x0 /usr/lib/gcc/avr/6.3.0/../../../../avr/lib/avr5/libc.a(vfprintf_std.o)
 .bss           0x0000000000800118        0x0 /usr/lib/gcc/avr/6.3.0/../../../../avr/lib/avr5/libc.a(strnlen_P.o)
 .bss           0x0000000000800118        0x0 /usr/lib/gcc/avr/6.3.0/../../../../avr/lib/avr5/libc.a(strnlen.o)
 .bss           0x0000000000800118        0x0 /usr/lib/gcc/avr/6.3.0/../../../../avr/lib/avr5/libc.a(fputc.o)
 .bss           0x0000000000800118        0x0 /usr/lib/gcc/avr/6.3.0/../../../../avr/lib/avr5/libc.a(ultoa_invert.o)
 .bss           0x0000000000800118        0x0 /usr/lib/gcc/avr/6.3.0/avr5/libgcc.a(_prologue.o)
 .bss           0x0000000000800118        0x0 /usr/lib/gcc/avr/6.3.0/avr5/libgcc.a(_epilogue.o)
 *(.bss*)
 *(COMMON)
                0x0000000000800118                PROVIDE (__bss_end, .)
                0x0000000000000b12                __data_load_start = LOADADDR (.data)
                0x0000000000000b26                __data_load_end = (__data_load_start + SIZEOF (.data))

.noinit         0x0000000000800118        0x0
                [!provide]                        PROVIDE (__noinit_start, .)
 *(.noinit*)
                [!provide]                        PROVIDE (__noinit_end, .)
                0x0000000000800118                _end = .
                [!provide]                        PROVIDE (__heap_start, .)

.eeprom         0x0000000000810000        0x0
 *(.eeprom*)
                0x0000000000810000                __eeprom_end = .

.fuse
 *(.fuse)
 *(.lfuse)
 *(.hfuse)
 *(.efuse)

.lock
 *(.lock*)

.signature
 *(.signature*)

.stab           0x0000000000000000     0x34e0
 *(.stab)
 .stab          0x0000000000000000      0x900 workplz.o
 .stab          0x0000000000000900      0x630 ./lib_dir/librobotbaby.a(can.o)
                                        0x63c (size before relaxing)
 .stab          0x0000000000000f30      0x9b4 ./lib_dir/librobotbaby.a(Moteur.o)
                                        0x9c0 (size before relaxing)
 .stab          0x00000000000018e4      0x768 ./lib_dir/librobotbaby.a(DEL.o)
                                        0x774 (size before relaxing)
 .stab          0x000000000000204c      0x69c ./lib_dir/librobotbaby.a(PWM_MOTEUR.o)
                                        0x6a8 (size before relaxing)
 .stab          0x00000000000026e8      0x744 ./lib_dir/librobotbaby.a(UART.o)
                                        0x750 (size before relaxing)
 .stab          0x0000000000002e2c       0x6c /usr/lib/gcc/avr/6.3.0/avr5/libgcc.a(_exit.o)
                                         0x78 (size before relaxing)
 .stab          0x0000000000002e98       0xd8 /usr/lib/gcc/avr/6.3.0/avr5/libgcc.a(_copy_data.o)
                                         0xe4 (size before relaxing)
 .stab          0x0000000000002f70       0xb4 /usr/lib/gcc/avr/6.3.0/avr5/libgcc.a(_clear_bss.o)
                                         0xc0 (size before relaxing)
 .stab          0x0000000000003024       0xd8 /usr/lib/gcc/avr/6.3.0/avr5/libgcc.a(_ctors.o)
                                         0xe4 (size before relaxing)
 .stab          0x00000000000030fc       0x9c /usr/lib/gcc/avr/6.3.0/avr5/libgcc.a(_tablejump2.o)
                                         0xa8 (size before relaxing)
 .stab          0x0000000000003198      0x1a4 /usr/lib/gcc/avr/6.3.0/avr5/libgcc.a(_prologue.o)
                                        0x1b0 (size before relaxing)
 .stab          0x000000000000333c      0x1a4 /usr/lib/gcc/avr/6.3.0/avr5/libgcc.a(_epilogue.o)
                                        0x1b0 (size before relaxing)

.stabstr        0x0000000000000000     0x2bf2
 *(.stabstr)
 .stabstr       0x0000000000000000     0x2bf2 workplz.o

.stab.excl
 *(.stab.excl)

.stab.exclstr
 *(.stab.exclstr)

.stab.index
 *(.stab.index)

.stab.indexstr
 *(.stab.indexstr)

.comment        0x0000000000000000       0x42
 *(.comment)
 .comment       0x0000000000000000       0x21 workplz.o
                                         0x22 (size before relaxing)
 .comment       0x0000000000000021       0x22 ./lib_dir/librobotbaby.a(can.o)
 .comment       0x0000000000000021       0x22 ./lib_dir/librobotbaby.a(Moteur.o)
 .comment       0x0000000000000021       0x22 ./lib_dir/librobotbaby.a(DEL.o)
 .comment       0x0000000000000021       0x22 ./lib_dir/librobotbaby.a(PWM_MOTEUR.o)
 .comment       0x0000000000000021       0x22 ./lib_dir/librobotbaby.a(UART.o)
 .comment       0x0000000000000021       0x21 /usr/lib/gcc/avr/6.3.0/../../../../avr/lib/avr5/libc.a(sprintf.o)
                                         0x22 (size before relaxing)
 .comment       0x0000000000000042       0x22 /usr/lib/gcc/avr/6.3.0/../../../../avr/lib/avr5/libc.a(vfprintf_std.o)
 .comment       0x0000000000000042       0x22 /usr/lib/gcc/avr/6.3.0/../../../../avr/lib/avr5/libc.a(fputc.o)

.note.gnu.avr.deviceinfo
                0x0000000000000000       0x40
 .note.gnu.avr.deviceinfo
                0x0000000000000000       0x40 /usr/lib/gcc/avr/6.3.0/../../../../avr/lib/avr5/crtatmega324pa.o

.note.gnu.build-id
 *(.note.gnu.build-id)

.debug
 *(.debug)

.line
 *(.line)

.debug_srcinfo
 *(.debug_srcinfo)

.debug_sfnames
 *(.debug_sfnames)

.debug_aranges
 *(.debug_aranges)

.debug_pubnames
 *(.debug_pubnames)

.debug_info     0x0000000000000000      0x6cc
 *(.debug_info .gnu.linkonce.wi.*)
 .debug_info    0x0000000000000000      0x6cc /usr/lib/gcc/avr/6.3.0/../../../../avr/lib/avr5/crtatmega324pa.o

.debug_abbrev   0x0000000000000000      0x66e
 *(.debug_abbrev)
 .debug_abbrev  0x0000000000000000      0x66e /usr/lib/gcc/avr/6.3.0/../../../../avr/lib/avr5/crtatmega324pa.o

.debug_line     0x0000000000000000       0x1d
 *(.debug_line .debug_line.* .debug_line_end)
 .debug_line    0x0000000000000000       0x1d /usr/lib/gcc/avr/6.3.0/../../../../avr/lib/avr5/crtatmega324pa.o

.debug_frame
 *(.debug_frame)

.debug_str      0x0000000000000000      0x255
 *(.debug_str)
 .debug_str     0x0000000000000000      0x255 /usr/lib/gcc/avr/6.3.0/../../../../avr/lib/avr5/crtatmega324pa.o

.debug_loc
 *(.debug_loc)

.debug_macinfo
 *(.debug_macinfo)

.debug_weaknames
 *(.debug_weaknames)

.debug_funcnames
 *(.debug_funcnames)

.debug_typenames
 *(.debug_typenames)

.debug_varnames
 *(.debug_varnames)

.debug_pubtypes
 *(.debug_pubtypes)

.debug_ranges
 *(.debug_ranges)

.debug_macro
 *(.debug_macro)
OUTPUT(robotbaby.out elf32-avr)
LOAD linker stubs
